   1:	Header 1 -- Ethernet2
		No errors
		Offset:      194	Length:      220
		Header length:       14
		Payload length:     206
		Trailer length:       0
   1:	Header 2 -- IP
		No errors
		Offset:      208	Length:      206
		Header length:       20
		Payload length:     186
		Trailer length:       0
   1:	Header 3 -- UDP
		No errors
		Offset:      228	Length:      186
		Header length:        8
		Payload length:     178
		Trailer length:       0

   2:	Header 1 -- Ethernet2
		No errors
		Offset:      194	Length:       42
		Header length:       14
		Payload length:      28
		Trailer length:       0
   2:	Header 2 -- IP
		No errors
		Offset:      208	Length:       28
		Header length:       20
		Payload length:       8
		Trailer length:       0

   3:	Header 1 -- Ethernet2
		No errors
		Offset:      194	Length:       60
		Header length:       14
		Payload length:      46
		Trailer length:       0
   3:	Header 2 -- IP
		No errors
		Offset:      208	Length:       32
		Header length:       24
		Payload length:       8
		Trailer length:       0

   4:	Header 1 -- Ethernet2
		No errors
		Offset:      194	Length:       98
		Header length:       14
		Payload length:      84
		Trailer length:       0
   4:	Header 2 -- IP
		No errors
		Offset:      208	Length:       84
		Header length:       20
		Payload length:      64
		Trailer length:       0
   4:	Header 3 -- ICMP
		No errors
		Offset:      228	Length:       64
		Header length:        8
		Payload length:      56
		Trailer length:       0

   5:	Header 1 -- Ethernet2
		No errors
		Offset:      194	Length:       42
		Header length:       14
		Payload length:      28
		Trailer length:       0
   5:	Header 2 -- ARP
		No errors
		Offset:      208	Length:       28
		Header length:        8
		Payload length:      20
		Trailer length:       0

   6:	Header 1 -- Ethernet2
		No errors
		Offset:      194	Length:       60
		Header length:       14
		Payload length:      46
		Trailer length:       0
   6:	Header 2 -- ARP
		No errors
		Offset:      208	Length:       28
		Header length:        8
		Payload length:      20
		Trailer length:       0

   7:	Header 1 -- Ethernet2
		No errors
		Offset:      194	Length:       74
		Header length:       14
		Payload length:      60
		Trailer length:       0
   7:	Header 2 -- IP
		No errors
		Offset:      208	Length:       60
		Header length:       20
		Payload length:      40
		Trailer length:       0
   7:	Header 3 -- TCP
		No errors
		Offset:      228	Length:       40
		Header length:       40
		Payload length:       0
		Trailer length:       0

   8:	Header 1 -- Ethernet2
		No errors
		Offset:      194	Length:      858
		Header length:       14
		Payload length:     844
		Trailer length:       0
   8:	Header 2 -- IP
		No errors
		Offset:      208	Length:      844
		Header length:       20
		Payload length:     824
		Trailer length:       0
   8:	Header 3 -- TCP
		No errors
		Offset:      228	Length:      824
		Header length:       32
		Payload length:     792
		Trailer length:       0

