INT            'int'
ID             'foo'
LPAREN         '('
INT            'int'
ID             'x'
RPAREN         ')'
LBRACE         '{'
INT            'int'
ID             'y'
SEMICOLON      ';'
ID             'y'
ASSIGN         '='
ID             'x'
MINUS          '-'
NUM            '1' -- '1'
SEMICOLON      ';'
ID             'z'
ASSIGN         '='
ID             'x'
MINUS          '-'
NUM            '2' -- '2'
SEMICOLON      ';'
RETURN         'return'
ID             'x'
PLUS           '+'
ID             'y'
PLUS           '+'
ID             'z'
SEMICOLON      ';'
RBRACE         '}'
BEGIN          'BEGIN'
LBRACE         '{'
PRINT          'print'
STRING         '"foo(10) = "'
COMMA          ','
ID             'foo'
LPAREN         '('
NUM            '10' -- '10'
RPAREN         ')'
SEMICOLON      ';'
RBRACE         '}'
End of file
