VOID           'void'
ID             'afunc'
LPAREN         '('
RPAREN         ')'
LBRACE         '{'
PRINT          'print'
STRING         '"hi\n"'
SEMICOLON      ';'
RBRACE         '}'
BEGIN          'BEGIN'
LBRACE         '{'
ID             'afunc'
LPAREN         '('
RPAREN         ')'
SEMICOLON      ';'
RBRACE         '}'
End of file
