VAR            'var'
ID             'x'
ASSIGN         '='
NUM            '0' -- '0'
SEMICOLON      ';'
PPBEGIN        '?-'
ID             'x'
LBRACKET       '['
NUM            '1' -- '1'
COMMA          ','
NUM            '1' -- '1'
RBRACKET       ']'
EQ             '=='
NUM            '0' -- '0'
PPEND          '-?'
LBRACE         '{'
PRINT          'print'
STRING         '"equal"'
SEMICOLON      ';'
RBRACE         '}'
End of file
