STR            'str'
ID             'astring'
LBRACKET       '['
NUM            '16' -- '16'
RBRACKET       ']'
ASSIGN         '='
STRING         '"foo bar baz ook "'
SEMICOLON      ';'
INT            'int'
ID             'foo'
LPAREN         '('
STR            'str'
ID             'x'
COMMA          ','
INT            'int'
ID             'off'
RPAREN         ')'
LBRACE         '{'
RETURN         'return'
ID             'x'
LBRACKET       '['
ID             'off'
RBRACKET       ']'
SEMICOLON      ';'
RBRACE         '}'
STR            'str'
ID             'bar'
LPAREN         '('
STR            'str'
ID             'r'
COMMA          ','
INT            'int'
ID             'off'
RPAREN         ')'
LBRACE         '{'
RETURN         'return'
ID             'r'
LBRACKET       '['
ID             'off'
PLUS           '+'
NUM            '4' -- '4'
COMMA          ','
ID             'str_len'
LPAREN         '('
ID             'r'
RPAREN         ')'
MINUS          '-'
ID             'off'
MINUS          '-'
NUM            '8' -- '8'
RBRACKET       ']'
SEMICOLON      ';'
RBRACE         '}'
STR            'str'
ID             'baz'
LPAREN         '('
STR            'str'
ID             'r'
COMMA          ','
INT            'int'
ID             'off'
RPAREN         ')'
LBRACE         '{'
RETURN         'return'
ID             'bar'
LPAREN         '('
ID             'r'
LBRACKET       '['
ID             'off'
PLUS           '+'
NUM            '2' -- '2'
RBRACKET       ']'
COMMA          ','
NUM            '2' -- '2'
RPAREN         ')'
SEMICOLON      ';'
RBRACE         '}'
LBRACE         '{'
STR            'str'
ID             'r'
SEMICOLON      ';'
STR            'str'
ID             'r2'
SEMICOLON      ';'
AMP            '&'
ID             'r'
ASSIGN         '='
ID             'astring'
SEMICOLON      ';'
ID             'r'
LBRACKET       '['
NUM            '4' -- '4'
COMMA          ','
NUM            '4' -- '4'
RBRACKET       ']'
ASSIGN         '='
STRING         '"kid "'
SEMICOLON      ';'
ID             'r'
LBRACKET       '['
NUM            '8' -- '8'
COMMA          ','
NUM            '4' -- '4'
RBRACKET       ']'
ASSIGN         '='
BYTESTR        '\x40404040'
SEMICOLON      ';'
ID             'y'
ASSIGN         '='
ID             'foo'
LPAREN         '('
ID             'r'
COMMA          ','
NUM            '12' -- '12'
RPAREN         ')'
SEMICOLON      ';'
ID             'z'
ASSIGN         '='
ID             'foo'
LPAREN         '('
ID             'astring'
COMMA          ','
NUM            '0' -- '0'
RPAREN         ')'
SEMICOLON      ';'
RBRACE         '}'
BEGIN          'BEGIN'
LBRACE         '{'
STR            'str'
ID             'r'
SEMICOLON      ';'
STR            'str'
ID             'r2'
SEMICOLON      ';'
AMP            '&'
ID             'r'
ASSIGN         '='
ID             'astring'
SEMICOLON      ';'
AMP            '&'
ID             'r2'
ASSIGN         '='
ID             'bar'
LPAREN         '('
ID             'r'
COMMA          ','
NUM            '0' -- '0'
RPAREN         ')'
SEMICOLON      ';'
AMP            '&'
ID             'r'
ASSIGN         '='
ID             'bar'
LPAREN         '('
ID             'r'
COMMA          ','
NUM            '4' -- '4'
RPAREN         ')'
SEMICOLON      ';'
AMP            '&'
ID             'r2'
ASSIGN         '='
ID             'bar'
LPAREN         '('
ID             'astring'
COMMA          ','
NUM            '0' -- '0'
RPAREN         ')'
SEMICOLON      ';'
AMP            '&'
ID             'r'
ASSIGN         '='
ID             'bar'
LPAREN         '('
ID             'astring'
COMMA          ','
NUM            '4' -- '4'
RPAREN         ')'
SEMICOLON      ';'
RBRACE         '}'
End of file
