LBRACE         '{'
ID             'fix_lens'
LPAREN         '('
NUM            '0' -- '0'
RPAREN         ')'
SEMICOLON      ';'
RBRACE         '}'
End of file
