PPBEGIN        '?-'
ID             'ip'
DOT            '.'
ID             'saddr'
MATCH          '=~'
IPV4ADDR       '127.0.0.0' -- '127.0.0.0'
DIV            '/'
NUM            '24' -- '24'
PPEND          '-?'
LBRACE         '{'
PRINT          'print'
STRING         '"hi"'
COMMA          ','
ID             'x'
SEMICOLON      ';'
RBRACE         '}'
RBRACE         '}'
End of file
