INT            'int'
ID             'fib'
LPAREN         '('
INT            'int'
ID             'x'
RPAREN         ')'
SEMICOLON      ';'
INT            'int'
ID             'fib2a'
LPAREN         '('
INT            'int'
ID             'x'
RPAREN         ')'
SEMICOLON      ';'
INT            'int'
ID             'fib2b'
LPAREN         '('
INT            'int'
ID             'x'
RPAREN         ')'
SEMICOLON      ';'
INT            'int'
ID             'fib2c'
LPAREN         '('
INT            'int'
ID             'x'
RPAREN         ')'
SEMICOLON      ';'
INT            'int'
ID             'fib'
LPAREN         '('
INT            'int'
ID             'x'
RPAREN         ')'
LBRACE         '{'
IF             'if'
LPAREN         '('
ID             'x'
LT             '<'
NUM            '2' -- '2'
RPAREN         ')'
LBRACE         '{'
RETURN         'return'
NUM            '0' -- '0'
SEMICOLON      ';'
RBRACE         '}'
RETURN         'return'
ID             'fib'
LPAREN         '('
ID             'x'
MINUS          '-'
NUM            '1' -- '1'
RPAREN         ')'
PLUS           '+'
ID             'fib'
LPAREN         '('
ID             'x'
MINUS          '-'
NUM            '2' -- '2'
RPAREN         ')'
SEMICOLON      ';'
RBRACE         '}'
INT            'int'
ID             'fib2a'
LPAREN         '('
INT            'int'
ID             'x'
RPAREN         ')'
LBRACE         '{'
IF             'if'
LPAREN         '('
ID             'x'
LT             '<'
NUM            '2' -- '2'
RPAREN         ')'
LBRACE         '{'
RETURN         'return'
NUM            '0' -- '0'
SEMICOLON      ';'
RBRACE         '}'
RETURN         'return'
ID             'fib2b'
LPAREN         '('
ID             'x'
RPAREN         ')'
PLUS           '+'
ID             'fib2c'
LPAREN         '('
ID             'x'
RPAREN         ')'
SEMICOLON      ';'
RBRACE         '}'
INT            'int'
ID             'fib2b'
LPAREN         '('
INT            'int'
ID             'x'
RPAREN         ')'
LBRACE         '{'
RETURN         'return'
ID             'fib2a'
LPAREN         '('
ID             'x'
MINUS          '-'
NUM            '1' -- '1'
RPAREN         ')'
SEMICOLON      ';'
RBRACE         '}'
INT            'int'
ID             'fib2c'
LPAREN         '('
INT            'int'
ID             'x'
RPAREN         ')'
LBRACE         '{'
RETURN         'return'
ID             'fib2b'
LPAREN         '('
ID             'x'
MINUS          '-'
NUM            '1' -- '1'
RPAREN         ')'
SEMICOLON      ';'
RBRACE         '}'
BEGIN          'BEGIN'
LBRACE         '{'
IF             'if'
LPAREN         '('
ID             'fib'
LPAREN         '('
NUM            '7' -- '7'
RPAREN         ')'
EQ             '=='
NUM            '21' -- '21'
RPAREN         ')'
LBRACE         '{'
PRINT          'print'
STRING         '"got fib(7) == 21"'
SEMICOLON      ';'
RBRACE         '}'
IF             'if'
LPAREN         '('
ID             'fib2a'
LPAREN         '('
NUM            '7' -- '7'
RPAREN         ')'
EQ             '=='
NUM            '21' -- '21'
RPAREN         ')'
LBRACE         '{'
PRINT          'print'
STRING         '"got fib(7) == 21"'
SEMICOLON      ';'
RBRACE         '}'
RBRACE         '}'
End of file
