STR            'str'
ID             'impl'
LBRACKET       '['
RBRACKET       ']'
ASSIGN         '='
STRING         '"Hello World"'
SEMICOLON      ';'
STR            'str'
ID             'expl'
LBRACKET       '['
NUM            '16' -- '16'
RBRACKET       ']'
ASSIGN         '='
STRING         '"aaaaAAAAaaaaAAAA"'
SEMICOLON      ';'
BEGIN          'BEGIN'
LBRACE         '{'
ID             'expl'
ASSIGN         '='
ID             'impl'
SEMICOLON      ';'
PRINT          'print'
ID             'expl'
SEMICOLON      ';'
RBRACE         '}'
End of file
