CONST          'const'
ID             'A'
ASSIGN         '='
NUM            '10' -- '10'
SEMICOLON      ';'
CONST          'const'
ID             'B'
ASSIGN         '='
NUM            '5' -- '5'
SEMICOLON      ';'
CONST          'const'
ID             'C'
ASSIGN         '='
ID             'A'
PLUS           '+'
ID             'B'
SEMICOLON      ';'
CONST          'const'
ID             'D'
ASSIGN         '='
ID             'A'
MINUS          '-'
ID             'B'
SEMICOLON      ';'
CONST          'const'
ID             'E'
ASSIGN         '='
ID             'A'
TIMES          '*'
ID             'B'
SEMICOLON      ';'
CONST          'const'
ID             'F'
ASSIGN         '='
ID             'A'
DIV            '/'
ID             'B'
SEMICOLON      ';'
CONST          'const'
ID             'G'
ASSIGN         '='
ID             'A'
MOD            '%'
ID             'B'
SEMICOLON      ';'
INLINE         'inline'
ID             'square'
LPAREN         '('
INT            'int'
ID             'x'
RPAREN         ')'
LBRACE         '{'
ID             'x'
TIMES          '*'
ID             'x'
RBRACE         '}'
CONST          'const'
ID             'H'
ASSIGN         '='
ID             'square'
LPAREN         '('
ID             'B'
RPAREN         ')'
SEMICOLON      ';'
CONST          'const'
ID             'I'
ASSIGN         '='
ID             'square'
LPAREN         '('
ID             'square'
LPAREN         '('
ID             'B'
RPAREN         ')'
RPAREN         ')'
SEMICOLON      ';'
INLINE         'inline'
ID             'wierd'
LPAREN         '('
INT            'int'
ID             'i'
COMMA          ','
INT            'int'
ID             'j'
RPAREN         ')'
LBRACE         '{'
ID             'i'
PLUS           '+'
MINUS          '-'
ID             'j'
RBRACE         '}'
CONST          'const'
ID             'J'
ASSIGN         '='
ID             'wierd'
LPAREN         '('
ID             'E'
COMMA          ','
ID             'A'
RPAREN         ')'
SEMICOLON      ';'
CONST          'const'
ID             'K'
ASSIGN         '='
ID             'wierd'
LPAREN         '('
ID             'square'
LPAREN         '('
ID             'A'
RPAREN         ')'
COMMA          ','
ID             'wierd'
LPAREN         '('
ID             'E'
COMMA          ','
ID             'A'
RPAREN         ')'
RPAREN         ')'
SEMICOLON      ';'
CONST          'const'
ID             'L'
ASSIGN         '='
ID             'pop'
LPAREN         '('
NUM            '0x18181818' -- '404232216'
RPAREN         ')'
SEMICOLON      ';'
CONST          'const'
ID             'M'
ASSIGN         '='
ID             'min'
LPAREN         '('
NUM            '300' -- '300'
COMMA          ','
MINUS          '-'
NUM            '5' -- '5'
RPAREN         ')'
SEMICOLON      ';'
CONST          'const'
ID             'N'
ASSIGN         '='
ID             'max'
LPAREN         '('
NUM            '300' -- '300'
COMMA          ','
MINUS          '-'
NUM            '5' -- '5'
RPAREN         ')'
SEMICOLON      ';'
CONST          'const'
ID             'O'
ASSIGN         '='
ID             'log2'
LPAREN         '('
NUM            '0x4321' -- '17185'
RPAREN         ')'
SEMICOLON      ';'
End of file
