#########
Initializing parse data structures
#########
#########
Starting Parse
#########
