#########
Initializing parse data structures
#########
#########
Starting Parse
#########


########
Done parsing, destroying scanner and parser
########


########
Optimizing tree:
########
Done... printing optimized tree
Printing PML Abstract Syntax Tree
-----------
Variables
-----------
   Variable: mem [global; width=0, addr=0]
-----------
Functions
-----------
   Function[intrinsic]: str_len() -- 1 args, 0-byte stack, return type=scalar
   Parameters & Variables -- 
      Variable: ref [param; width=8, addr=0]
   Body -- 
      (null)
   Function[intrinsic]: str_addr() -- 1 args, 0-byte stack, return type=scalar
   Parameters & Variables -- 
      Variable: ref [param; width=8, addr=0]
   Body -- 
      (null)
   Function[intrinsic]: str_ispkt() -- 1 args, 0-byte stack, return type=scalar
   Parameters & Variables -- 
      Variable: ref [param; width=8, addr=0]
   Body -- 
      (null)
   Function[intrinsic]: str_seg() -- 1 args, 0-byte stack, return type=scalar
   Parameters & Variables -- 
      Variable: ref [param; width=8, addr=0]
   Body -- 
      (null)
   Function[intrinsic]: str_isnull() -- 1 args, 0-byte stack, return type=scalar
   Parameters & Variables -- 
      Variable: ref [param; width=8, addr=0]
   Body -- 
      (null)
   Function[intrinsic]: str_mkref() -- 4 args, 0-byte stack, return type=string reference
   Parameters & Variables -- 
      Variable: ispkt [param; width=4, addr=0]
      Variable: seg [param; width=4, addr=4]
      Variable: addr [param; width=4, addr=8]
      Variable: len [param; width=4, addr=12]
   Body -- 
      (null)
   Function[intrinsic]: pkt_new() -- 2 args, 0-byte stack, return type=void
   Parameters & Variables -- 
      Variable: pnum [param; width=4, addr=0]
      Variable: len [param; width=4, addr=4]
   Body -- 
      (null)
   Function[intrinsic]: pkt_new_z() -- 2 args, 0-byte stack, return type=void
   Parameters & Variables -- 
      Variable: pnum [param; width=4, addr=0]
      Variable: len [param; width=4, addr=4]
   Body -- 
      (null)
   Function[intrinsic]: pkt_swap() -- 2 args, 0-byte stack, return type=void
   Parameters & Variables -- 
      Variable: pndst [param; width=4, addr=0]
      Variable: pnsrc [param; width=4, addr=4]
   Body -- 
      (null)
   Function[intrinsic]: pkt_copy() -- 2 args, 0-byte stack, return type=void
   Parameters & Variables -- 
      Variable: pndst [param; width=4, addr=0]
      Variable: pnsrc [param; width=4, addr=4]
   Body -- 
      (null)
   Function[intrinsic]: pkt_ins_u() -- 3 args, 0-byte stack, return type=void
   Parameters & Variables -- 
      Variable: pnum [param; width=4, addr=0]
      Variable: off [param; width=4, addr=4]
      Variable: len [param; width=4, addr=8]
   Body -- 
      (null)
   Function[intrinsic]: pkt_ins_d() -- 3 args, 0-byte stack, return type=void
   Parameters & Variables -- 
      Variable: pnum [param; width=4, addr=0]
      Variable: off [param; width=4, addr=4]
      Variable: len [param; width=4, addr=8]
   Body -- 
      (null)
   Function[intrinsic]: pkt_cut_u() -- 1 args, 0-byte stack, return type=void
   Parameters & Variables -- 
      Variable: str [param; width=8, addr=0]
   Body -- 
      (null)
   Function[intrinsic]: pkt_cut_d() -- 1 args, 0-byte stack, return type=void
   Parameters & Variables -- 
      Variable: str [param; width=8, addr=0]
   Body -- 
      (null)
   Function[intrinsic]: pkt_parse() -- 1 args, 0-byte stack, return type=void
   Parameters & Variables -- 
      Variable: pnum [param; width=4, addr=0]
   Body -- 
      (null)
   Function[intrinsic]: pkt_get_off() -- 4 args, 0-byte stack, return type=scalar
   Parameters & Variables -- 
      Variable: pnum [param; width=4, addr=0]
      Variable: prid [param; width=4, addr=4]
      Variable: idx [param; width=4, addr=8]
      Variable: oid [param; width=4, addr=12]
   Body -- 
      (null)
   Function[intrinsic]: pkt_adj_off() -- 5 args, 0-byte stack, return type=void
   Parameters & Variables -- 
      Variable: pnum [param; width=4, addr=0]
      Variable: prid [param; width=4, addr=4]
      Variable: idx [param; width=4, addr=8]
      Variable: oid [param; width=4, addr=12]
      Variable: amt [param; width=4, addr=16]
   Body -- 
      (null)
   Function[intrinsic]: pkt_nlists() -- 0 args, 0-byte stack, return type=scalar
   Parameters & Variables -- 
   Body -- 
      (null)
   Function[intrinsic]: pkt_lempty() -- 1 args, 0-byte stack, return type=scalar
   Parameters & Variables -- 
      Variable: list [param; width=4, addr=0]
   Body -- 
      (null)
   Function[intrinsic]: pkt_enq() -- 2 args, 0-byte stack, return type=void
   Parameters & Variables -- 
      Variable: list [param; width=4, addr=0]
      Variable: pnum [param; width=4, addr=4]
   Body -- 
      (null)
   Function[intrinsic]: pkt_deq() -- 2 args, 0-byte stack, return type=void
   Parameters & Variables -- 
      Variable: list [param; width=4, addr=0]
      Variable: pnum [param; width=4, addr=4]
   Body -- 
      (null)
   Function[intrinsic]: pkt_push() -- 2 args, 0-byte stack, return type=void
   Parameters & Variables -- 
      Variable: list [param; width=4, addr=0]
      Variable: pnum [param; width=4, addr=4]
   Body -- 
      (null)
   Function[intrinsic]: pkt_pop() -- 2 args, 0-byte stack, return type=void
   Parameters & Variables -- 
      Variable: list [param; width=4, addr=0]
      Variable: pnum [param; width=4, addr=4]
   Body -- 
      (null)
   Function[intrinsic]: pdu_update() -- 1 args, 0-byte stack, return type=void
   Parameters & Variables -- 
      Variable: pdesc [param; width=4, addr=0]
   Body -- 
      (null)
   Function[intrinsic]: pdu_insert() -- 2 args, 0-byte stack, return type=void
   Parameters & Variables -- 
      Variable: pdesc [param; width=4, addr=0]
      Variable: prid [param; width=4, addr=4]
   Body -- 
      (null)
   Function[intrinsic]: pdu_delete() -- 1 args, 0-byte stack, return type=void
   Parameters & Variables -- 
      Variable: pdesc [param; width=4, addr=0]
   Body -- 
      (null)
   Function[intrinsic]: fix_dltype() -- 1 args, 0-byte stack, return type=void
   Parameters & Variables -- 
      Variable: pnum [param; width=4, addr=0]
   Body -- 
      (null)
   Function[intrinsic]: fix_len() -- 1 args, 0-byte stack, return type=void
   Parameters & Variables -- 
      Variable: pdesc [param; width=4, addr=0]
   Body -- 
      (null)
   Function[intrinsic]: fix_lens() -- 1 args, 0-byte stack, return type=void
   Parameters & Variables -- 
      Variable: pnum [param; width=4, addr=0]
   Body -- 
      (null)
   Function[intrinsic]: fix_csum() -- 1 args, 0-byte stack, return type=void
   Parameters & Variables -- 
      Variable: pdesc [param; width=4, addr=0]
   Body -- 
      (null)
   Function[intrinsic]: fix_csums() -- 1 args, 0-byte stack, return type=void
   Parameters & Variables -- 
      Variable: pnum [param; width=4, addr=0]
   Body -- 
      (null)
   Function[intrinsic]: meta_get_ts_sec() -- 1 args, 0-byte stack, return type=scalar
   Parameters & Variables -- 
      Variable: pnum [param; width=4, addr=0]
   Body -- 
      (null)
   Function[intrinsic]: meta_get_ts_nsec() -- 1 args, 0-byte stack, return type=scalar
   Parameters & Variables -- 
      Variable: pnum [param; width=4, addr=0]
   Body -- 
      (null)
   Function[intrinsic]: meta_set_ts() -- 3 args, 0-byte stack, return type=void
   Parameters & Variables -- 
      Variable: pnum [param; width=4, addr=0]
      Variable: sec [param; width=4, addr=4]
      Variable: nsec [param; width=4, addr=8]
   Body -- 
      (null)
   Function[intrinsic]: meta_get_presnap() -- 1 args, 0-byte stack, return type=scalar
   Parameters & Variables -- 
      Variable: pnum [param; width=4, addr=0]
   Body -- 
      (null)
   Function[intrinsic]: meta_set_presnap() -- 2 args, 0-byte stack, return type=void
   Parameters & Variables -- 
      Variable: pnum [param; width=4, addr=0]
      Variable: val [param; width=4, addr=4]
   Body -- 
      (null)
   Function[intrinsic]: meta_get_inport() -- 1 args, 0-byte stack, return type=scalar
   Parameters & Variables -- 
      Variable: pnum [param; width=4, addr=0]
   Body -- 
      (null)
   Function[intrinsic]: meta_set_inport() -- 2 args, 0-byte stack, return type=void
   Parameters & Variables -- 
      Variable: pnum [param; width=4, addr=0]
      Variable: val [param; width=4, addr=4]
   Body -- 
      (null)
   Function[intrinsic]: meta_get_outport() -- 1 args, 0-byte stack, return type=scalar
   Parameters & Variables -- 
      Variable: pnum [param; width=4, addr=0]
   Body -- 
      (null)
   Function[intrinsic]: meta_set_outport() -- 2 args, 0-byte stack, return type=void
   Parameters & Variables -- 
      Variable: pnum [param; width=4, addr=0]
      Variable: val [param; width=4, addr=4]
   Body -- 
      (null)
   Function[intrinsic]: meta_get_flowid() -- 1 args, 0-byte stack, return type=scalar
   Parameters & Variables -- 
      Variable: pnum [param; width=4, addr=0]
   Body -- 
      (null)
   Function[intrinsic]: meta_set_flowid() -- 2 args, 0-byte stack, return type=void
   Parameters & Variables -- 
      Variable: pnum [param; width=4, addr=0]
      Variable: val [param; width=4, addr=4]
   Body -- 
      (null)
   Function[intrinsic]: meta_get_class() -- 1 args, 0-byte stack, return type=scalar
   Parameters & Variables -- 
      Variable: pnum [param; width=4, addr=0]
   Body -- 
      (null)
   Function[intrinsic]: meta_set_class() -- 2 args, 0-byte stack, return type=void
   Parameters & Variables -- 
      Variable: pnum [param; width=4, addr=0]
      Variable: val [param; width=4, addr=4]
   Body -- 
      (null)
   Function[intrinsic]: meta_get_seq() -- 1 args, 0-byte stack, return type=scalar
   Parameters & Variables -- 
      Variable: pnum [param; width=4, addr=0]
   Body -- 
      (null)
   Function[intrinsic]: meta_set_seq() -- 2 args, 0-byte stack, return type=void
   Parameters & Variables -- 
      Variable: pnum [param; width=4, addr=0]
      Variable: val [param; width=4, addr=4]
   Body -- 
      (null)
   Function[intrinsic]: meta_has() -- 2 args, 0-byte stack, return type=scalar
   Parameters & Variables -- 
      Variable: pnum [param; width=4, addr=0]
      Variable: type [param; width=4, addr=4]
   Body -- 
      (null)
   Function[intrinsic]: meta_add() -- 2 args, 0-byte stack, return type=void
   Parameters & Variables -- 
      Variable: pnum [param; width=4, addr=0]
      Variable: type [param; width=4, addr=4]
   Body -- 
      (null)
   Function[intrinsic]: meta_add_info() -- 2 args, 0-byte stack, return type=void
   Parameters & Variables -- 
      Variable: pnum [param; width=4, addr=0]
      Variable: numw [param; width=4, addr=4]
   Body -- 
      (null)
   Function[intrinsic]: meta_rem() -- 2 args, 0-byte stack, return type=void
   Parameters & Variables -- 
      Variable: pnum [param; width=4, addr=0]
      Variable: type [param; width=4, addr=4]
   Body -- 
      (null)
   Function[intrinsic]: meta_rd8() -- 3 args, 0-byte stack, return type=scalar
   Parameters & Variables -- 
      Variable: pnum [param; width=4, addr=0]
      Variable: type [param; width=4, addr=4]
      Variable: off [param; width=4, addr=8]
   Body -- 
      (null)
   Function[intrinsic]: meta_rd16() -- 3 args, 0-byte stack, return type=scalar
   Parameters & Variables -- 
      Variable: pnum [param; width=4, addr=0]
      Variable: type [param; width=4, addr=4]
      Variable: off [param; width=4, addr=8]
   Body -- 
      (null)
   Function[intrinsic]: meta_rd32() -- 3 args, 0-byte stack, return type=scalar
   Parameters & Variables -- 
      Variable: pnum [param; width=4, addr=0]
      Variable: type [param; width=4, addr=4]
      Variable: off [param; width=4, addr=8]
   Body -- 
      (null)
   Function[intrinsic]: meta_wr8() -- 4 args, 0-byte stack, return type=void
   Parameters & Variables -- 
      Variable: pnum [param; width=4, addr=0]
      Variable: type [param; width=4, addr=4]
      Variable: off [param; width=4, addr=8]
      Variable: val [param; width=4, addr=12]
   Body -- 
      (null)
   Function[intrinsic]: meta_wr16() -- 4 args, 0-byte stack, return type=void
   Parameters & Variables -- 
      Variable: pnum [param; width=4, addr=0]
      Variable: type [param; width=4, addr=4]
      Variable: off [param; width=4, addr=8]
      Variable: val [param; width=4, addr=12]
   Body -- 
      (null)
   Function[intrinsic]: meta_wr32() -- 4 args, 0-byte stack, return type=void
   Parameters & Variables -- 
      Variable: pnum [param; width=4, addr=0]
      Variable: type [param; width=4, addr=4]
      Variable: off [param; width=4, addr=8]
      Variable: val [param; width=4, addr=12]
   Body -- 
      (null)
   Function[intrinsic]: exit() -- 1 args, 0-byte stack, return type=void
   Parameters & Variables -- 
      Variable: rval [param; width=4, addr=0]
   Body -- 
      (null)
   Function[inline, intrinsic, pconst]: pop() -- 1 args, 0-byte stack, return type=scalar
   Parameters & Variables -- 
      Variable: num [param; width=4, addr=0]
   Body -- 
      (null)
   Function[inline, intrinsic, pconst]: log2() -- 1 args, 0-byte stack, return type=scalar
   Parameters & Variables -- 
      Variable: num [param; width=4, addr=0]
   Body -- 
      (null)
   Function[inline, intrinsic, pconst]: min() -- 2 args, 0-byte stack, return type=scalar
   Parameters & Variables -- 
      Variable: num1 [param; width=4, addr=0]
      Variable: num2 [param; width=4, addr=4]
   Body -- 
      (null)
   Function[inline, intrinsic, pconst]: max() -- 2 args, 0-byte stack, return type=scalar
   Parameters & Variables -- 
      Variable: num1 [param; width=4, addr=0]
      Variable: num2 [param; width=4, addr=4]
   Body -- 
      (null)
   Function: true() -- 0 args, 0-byte stack, return type=scalar
   Parameters & Variables -- 
   Body -- 
      List:
      -----
      While Statement
      Loop Test -- 
         Scalar [[c]; width=4] -- width 4: 1 (1,0x1)
      Loop Body -- 
         List:
         -----
         Control Flow Modification: 'return'
            Scalar [[c]; width=4] -- width 4: 1 (1,0x1)
         -----
      -----
-----------
Begin Rule
-----------
   Rule: (begin)
      Action Variables -- 
      Variable: i [local; width=4, addr=0]
   Action -- 
      List:
      -----
      Assignment to i
      Value -- 
         Scalar [[c]; width=4] -- width 4: 0 (0,0x0)
      -----
      While Statement
      Loop Test -- 
         Binary Operation: 'less than' [[]; width=4]
         Left Operand -- 
            Locator: variable(i) [[]; width=4]
            Variable -- 
               Variable: i [local; width=4, addr=0]
         Right Operand -- 
            Scalar [[c]; width=4] -- width 4: 5 (5,0x5)
      Loop Body -- 
         List:
         -----
         If Statement
         Test -- 
            Binary Operation: 'equals' [[]; width=4]
            Left Operand -- 
               Locator: variable(i) [[]; width=4]
               Variable -- 
                  Variable: i [local; width=4, addr=0]
            Right Operand -- 
               Scalar [[c]; width=4] -- width 4: 3 (3,0x3)
         True body -- 
            List:
            -----
            Control Flow Modification: 'break'
            -----
         -----
         If Statement
         Test -- 
            Binary Operation: 'equals' [[]; width=4]
            Left Operand -- 
               Locator: variable(i) [[]; width=4]
               Variable -- 
                  Variable: i [local; width=4, addr=0]
            Right Operand -- 
               Scalar [[c]; width=4] -- width 4: 2 (2,0x2)
         True body -- 
            List:
            -----
            Control Flow Modification: 'continue'
            -----
         -----
      -----
-----------
Packet Rules
-----------
   Rule: (packet)
   Pattern -- 
      Scalar [[c]; width=4] -- width 4: 1 (1,0x1)
   Action Variables -- 
   Action -- 
      List:
      -----
      Control Flow Modification: 'nextrule'
      -----
   Rule: (packet)
   Pattern -- 
      Locator: packet field(ip) [[]; width=4]
      Reserved packet field (exists)
   Action Variables -- 
      Variable: i [local; width=4, addr=0]
      Variable: x [local; width=4, addr=4]
   Action -- 
      List:
      -----
      Assignment to i
      Value -- 
         Scalar [[c]; width=4] -- width 4: 1 (1,0x1)
      -----
      Assignment to x
      Value -- 
         Locator: packet field(tcp) [[]; width=4]
         Reserved packet field (exists)
         Packet -- 
            Scalar [[c]; width=4] -- width 4: 1 (1,0x1)
      -----
      If Statement
      Test -- 
         Function call to: true [[]; width=4]
         Arguments -- 
            List:
            -----
      True body -- 
         List:
         -----
         Control Flow Modification: 'drop(all)'
         -----
      -----
      Control Flow Modification: 'send(all)'
      -----
   Rule: (packet)
   Pattern -- 
      Locator: packet field(ip) [[]; width=4]
      Reserved packet field (exists)
   Action Variables -- 
      Variable: i [local; width=4, addr=0]
      Variable: x [local; width=4, addr=4]
   Action -- 
      List:
      -----
      Assignment to i
      Value -- 
         Scalar [[c]; width=4] -- width 4: 1 (1,0x1)
      -----
      Assignment to x
      Value -- 
         Locator: packet field(tcp) [[]; width=4]
         Reserved packet field (exists)
         Packet -- 
            Scalar [[c]; width=4] -- width 4: 2 (2,0x2)
      -----
      If Statement
      Test -- 
         Binary Operation: 'logical AND' [[]; width=4]
         Left Operand -- 
            Scalar [[c]; width=4] -- width 4: 1 (1,0x1)
         Right Operand -- 
            Function call to: true [[]; width=4]
            Arguments -- 
               List:
               -----
      True body -- 
         List:
         -----
         Control Flow Modification: 'drop(all)'
         -----
      -----
      Control Flow Modification: 'send(all)'
      -----
   Rule: (packet)
   Pattern -- 
      Locator: packet field(ip) [[]; width=4]
      Reserved packet field (exists)
   Action Variables -- 
      Variable: i [local; width=4, addr=0]
      Variable: x [local; width=4, addr=4]
   Action -- 
      List:
      -----
      Assignment to i
      Value -- 
         Scalar [[c]; width=4] -- width 4: 1 (1,0x1)
      -----
      Assignment to x
      Value -- 
         Locator: packet field(tcp) [[]; width=4]
         Reserved packet field (exists)
         Packet -- 
            Scalar [[c]; width=4] -- width 4: 3 (3,0x3)
         Header Index -- 
            Locator: variable(i) [[]; width=4]
            Variable -- 
               Variable: i [local; width=4, addr=0]
      -----
      If Statement
      Test -- 
         Binary Operation: 'logical AND' [[]; width=4]
         Left Operand -- 
            Scalar [[c]; width=4] -- width 4: 1 (1,0x1)
         Right Operand -- 
            Function call to: true [[]; width=4]
            Arguments -- 
               List:
               -----
      True body -- 
         List:
         -----
         Control Flow Modification: 'drop(all)'
         -----
      -----
      Control Flow Modification: 'send(all)'
      -----
   Rule: (packet)
   Pattern -- 
      Locator: packet field(ip) [[]; width=4]
      Reserved packet field (exists)
   Action Variables -- 
      Variable: i [local; width=4, addr=0]
   Action -- 
      List:
      -----
      Assignment to i
      Value -- 
         Scalar [[c]; width=4] -- width 4: 1 (1,0x1)
      -----
      If Statement
      Test -- 
         Binary Operation: 'logical AND' [[]; width=4]
         Left Operand -- 
            Locator: packet field(tcp) [[]; width=4]
            Reserved packet field (exists)
            Packet -- 
               Scalar [[c]; width=4] -- width 4: 4 (4,0x4)
            Header Index -- 
               Locator: variable(i) [[]; width=4]
               Variable -- 
                  Variable: i [local; width=4, addr=0]
         Right Operand -- 
            Function call to: true [[]; width=4]
            Arguments -- 
               List:
               -----
      True body -- 
         List:
         -----
         Control Flow Modification: 'drop(all)'
         -----
      -----
      Control Flow Modification: 'send(all)'
      -----
-----------
Tick Rule
-----------
   (null)
-----------
-----------
End Rule
-----------
   (null)
-----------


########
Clearing tree:
########
