#########
Initializing parse data structures
#########
#########
Starting Parse
#########


########
Done parsing, destroying scanner and parser
########


########
Optimizing tree:
########
Done... printing optimized tree
Printing PML Abstract Syntax Tree
-----------
Variables
-----------
   Variable: mem [global; width=4, addr=0]
   Variable: Numpkts [global; width=4, addr=0]
      Initialization value -- 
      Scalar [[c]; width=4] -- width 4: 5 (5,0x5)
-----------
Functions
-----------
   Function[intrinsic]: str_len() -- 1 args, 0-byte stack, return type=scalar
   Parameters & Variables -- 
      Variable: ref [param; width=16, addr=0]
   Body -- 
      (null)
   Function[intrinsic]: str_addr() -- 1 args, 0-byte stack, return type=scalar
   Parameters & Variables -- 
      Variable: ref [param; width=16, addr=0]
   Body -- 
      (null)
   Function[intrinsic]: str_ispkt() -- 1 args, 0-byte stack, return type=scalar
   Parameters & Variables -- 
      Variable: ref [param; width=16, addr=0]
   Body -- 
      (null)
   Function[intrinsic]: str_seg() -- 1 args, 0-byte stack, return type=scalar
   Parameters & Variables -- 
      Variable: ref [param; width=16, addr=0]
   Body -- 
      (null)
   Function[intrinsic]: str_isnull() -- 1 args, 0-byte stack, return type=scalar
   Parameters & Variables -- 
      Variable: ref [param; width=16, addr=0]
   Body -- 
      (null)
   Function[intrinsic]: str_mkref() -- 4 args, 0-byte stack, return type=string reference
   Parameters & Variables -- 
      Variable: ispkt [param; width=4, addr=0]
      Variable: seg [param; width=4, addr=1]
      Variable: addr [param; width=4, addr=2]
      Variable: len [param; width=4, addr=3]
   Body -- 
      (null)
   Function[intrinsic]: pkt_new() -- 2 args, 0-byte stack, return type=void
   Parameters & Variables -- 
      Variable: pnum [param; width=4, addr=0]
      Variable: len [param; width=4, addr=1]
   Body -- 
      (null)
   Function[intrinsic]: pkt_new_z() -- 2 args, 0-byte stack, return type=void
   Parameters & Variables -- 
      Variable: pnum [param; width=4, addr=0]
      Variable: len [param; width=4, addr=1]
   Body -- 
      (null)
   Function[intrinsic]: pkt_swap() -- 2 args, 0-byte stack, return type=void
   Parameters & Variables -- 
      Variable: pndst [param; width=4, addr=0]
      Variable: pnsrc [param; width=4, addr=1]
   Body -- 
      (null)
   Function[intrinsic]: pkt_copy() -- 2 args, 0-byte stack, return type=void
   Parameters & Variables -- 
      Variable: pndst [param; width=4, addr=0]
      Variable: pnsrc [param; width=4, addr=1]
   Body -- 
      (null)
   Function[intrinsic]: pkt_ins_u() -- 3 args, 0-byte stack, return type=void
   Parameters & Variables -- 
      Variable: pnum [param; width=4, addr=0]
      Variable: off [param; width=4, addr=1]
      Variable: len [param; width=4, addr=2]
   Body -- 
      (null)
   Function[intrinsic]: pkt_ins_d() -- 3 args, 0-byte stack, return type=void
   Parameters & Variables -- 
      Variable: pnum [param; width=4, addr=0]
      Variable: off [param; width=4, addr=1]
      Variable: len [param; width=4, addr=2]
   Body -- 
      (null)
   Function[intrinsic]: pkt_cut_u() -- 1 args, 0-byte stack, return type=void
   Parameters & Variables -- 
      Variable: str [param; width=16, addr=0]
   Body -- 
      (null)
   Function[intrinsic]: pkt_cut_d() -- 1 args, 0-byte stack, return type=void
   Parameters & Variables -- 
      Variable: str [param; width=16, addr=0]
   Body -- 
      (null)
   Function[intrinsic]: pkt_parse() -- 1 args, 0-byte stack, return type=void
   Parameters & Variables -- 
      Variable: pnum [param; width=4, addr=0]
   Body -- 
      (null)
   Function[intrinsic]: pkt_get_off() -- 4 args, 0-byte stack, return type=scalar
   Parameters & Variables -- 
      Variable: pnum [param; width=4, addr=0]
      Variable: prid [param; width=4, addr=1]
      Variable: idx [param; width=4, addr=2]
      Variable: oid [param; width=4, addr=3]
   Body -- 
      (null)
   Function[intrinsic]: pkt_adj_off() -- 5 args, 0-byte stack, return type=void
   Parameters & Variables -- 
      Variable: pnum [param; width=4, addr=0]
      Variable: prid [param; width=4, addr=1]
      Variable: idx [param; width=4, addr=2]
      Variable: oid [param; width=4, addr=3]
      Variable: amt [param; width=4, addr=4]
   Body -- 
      (null)
   Function[intrinsic]: parse_push_back() -- 2 args, 0-byte stack, return type=void
   Parameters & Variables -- 
      Variable: pnum [param; width=4, addr=0]
      Variable: prid [param; width=4, addr=1]
   Body -- 
      (null)
   Function[intrinsic]: parse_pop_back() -- 1 args, 0-byte stack, return type=void
   Parameters & Variables -- 
      Variable: pnum [param; width=4, addr=0]
   Body -- 
      (null)
   Function[intrinsic]: parse_push_front() -- 2 args, 0-byte stack, return type=void
   Parameters & Variables -- 
      Variable: pnum [param; width=4, addr=0]
      Variable: prid [param; width=4, addr=1]
   Body -- 
      (null)
   Function[intrinsic]: parse_pop_front() -- 1 args, 0-byte stack, return type=void
   Parameters & Variables -- 
      Variable: pnum [param; width=4, addr=0]
   Body -- 
      (null)
   Function[intrinsic]: parse_update() -- 1 args, 0-byte stack, return type=void
   Parameters & Variables -- 
      Variable: pdesc [param; width=4, addr=0]
   Body -- 
      (null)
   Function[intrinsic]: fix_dltype() -- 1 args, 0-byte stack, return type=void
   Parameters & Variables -- 
      Variable: pnum [param; width=4, addr=0]
   Body -- 
      (null)
   Function[intrinsic]: fix_len() -- 1 args, 0-byte stack, return type=void
   Parameters & Variables -- 
      Variable: pdesc [param; width=4, addr=0]
   Body -- 
      (null)
   Function[intrinsic]: fix_all_len() -- 1 args, 0-byte stack, return type=void
   Parameters & Variables -- 
      Variable: pnum [param; width=4, addr=0]
   Body -- 
      (null)
   Function[intrinsic]: fix_csum() -- 1 args, 0-byte stack, return type=void
   Parameters & Variables -- 
      Variable: pdesc [param; width=4, addr=0]
   Body -- 
      (null)
   Function[intrinsic]: fix_all_csum() -- 1 args, 0-byte stack, return type=void
   Parameters & Variables -- 
      Variable: pnum [param; width=4, addr=0]
   Body -- 
      (null)
   Function[intrinsic]: meta_get_ts_sec() -- 1 args, 0-byte stack, return type=scalar
   Parameters & Variables -- 
      Variable: pnum [param; width=4, addr=0]
   Body -- 
      (null)
   Function[intrinsic]: meta_get_ts_nsec() -- 1 args, 0-byte stack, return type=scalar
   Parameters & Variables -- 
      Variable: pnum [param; width=4, addr=0]
   Body -- 
      (null)
   Function[intrinsic]: meta_set_ts() -- 3 args, 0-byte stack, return type=void
   Parameters & Variables -- 
      Variable: pnum [param; width=4, addr=0]
      Variable: sec [param; width=4, addr=1]
      Variable: nsec [param; width=4, addr=2]
   Body -- 
      (null)
   Function[intrinsic]: meta_get_presnap() -- 1 args, 0-byte stack, return type=scalar
   Parameters & Variables -- 
      Variable: pnum [param; width=4, addr=0]
   Body -- 
      (null)
   Function[intrinsic]: meta_set_presnap() -- 2 args, 0-byte stack, return type=void
   Parameters & Variables -- 
      Variable: pnum [param; width=4, addr=0]
      Variable: val [param; width=4, addr=1]
   Body -- 
      (null)
   Function[intrinsic]: meta_get_inport() -- 1 args, 0-byte stack, return type=scalar
   Parameters & Variables -- 
      Variable: pnum [param; width=4, addr=0]
   Body -- 
      (null)
   Function[intrinsic]: meta_set_inport() -- 2 args, 0-byte stack, return type=void
   Parameters & Variables -- 
      Variable: pnum [param; width=4, addr=0]
      Variable: val [param; width=4, addr=1]
   Body -- 
      (null)
   Function[intrinsic]: meta_get_outport() -- 1 args, 0-byte stack, return type=scalar
   Parameters & Variables -- 
      Variable: pnum [param; width=4, addr=0]
   Body -- 
      (null)
   Function[intrinsic]: meta_set_outport() -- 2 args, 0-byte stack, return type=void
   Parameters & Variables -- 
      Variable: pnum [param; width=4, addr=0]
      Variable: val [param; width=4, addr=1]
   Body -- 
      (null)
   Function[intrinsic]: meta_get_flowid() -- 1 args, 0-byte stack, return type=scalar
   Parameters & Variables -- 
      Variable: pnum [param; width=4, addr=0]
   Body -- 
      (null)
   Function[intrinsic]: meta_set_flowid() -- 2 args, 0-byte stack, return type=void
   Parameters & Variables -- 
      Variable: pnum [param; width=4, addr=0]
      Variable: val [param; width=4, addr=1]
   Body -- 
      (null)
   Function[intrinsic]: meta_get_class() -- 1 args, 0-byte stack, return type=scalar
   Parameters & Variables -- 
      Variable: pnum [param; width=4, addr=0]
   Body -- 
      (null)
   Function[intrinsic]: meta_set_class() -- 2 args, 0-byte stack, return type=void
   Parameters & Variables -- 
      Variable: pnum [param; width=4, addr=0]
      Variable: val [param; width=4, addr=1]
   Body -- 
      (null)
   Function[intrinsic]: meta_get_seq() -- 1 args, 0-byte stack, return type=scalar
   Parameters & Variables -- 
      Variable: pnum [param; width=4, addr=0]
   Body -- 
      (null)
   Function[intrinsic]: meta_set_seq() -- 2 args, 0-byte stack, return type=void
   Parameters & Variables -- 
      Variable: pnum [param; width=4, addr=0]
      Variable: val [param; width=4, addr=1]
   Body -- 
      (null)
   Function[intrinsic]: exit() -- 1 args, 0-byte stack, return type=void
   Parameters & Variables -- 
      Variable: rval [param; width=4, addr=0]
   Body -- 
      (null)
   Function[inline, intrinsic, pconst]: pop() -- 1 args, 0-byte stack, return type=scalar
   Parameters & Variables -- 
      Variable: num [param; width=4, addr=0]
   Body -- 
      (null)
   Function[inline, intrinsic, pconst]: log2() -- 1 args, 0-byte stack, return type=scalar
   Parameters & Variables -- 
      Variable: num [param; width=4, addr=0]
   Body -- 
      (null)
   Function[inline, intrinsic, pconst]: min() -- 2 args, 0-byte stack, return type=scalar
   Parameters & Variables -- 
      Variable: num1 [param; width=4, addr=0]
      Variable: num2 [param; width=4, addr=1]
   Body -- 
      (null)
   Function[inline, intrinsic, pconst]: max() -- 2 args, 0-byte stack, return type=scalar
   Parameters & Variables -- 
      Variable: num1 [param; width=4, addr=0]
      Variable: num2 [param; width=4, addr=1]
   Body -- 
      (null)
-----------
Begin Rule
-----------
   Rule: (begin)
      Action Variables -- 
   Action -- 
      List:
      -----
      Print Statement: type: string, width:0, flags:[]
      Expression -- 
         Byte string [[c]; width=0] -- 
         11 bytes in read-only segment at address 0
         48656c6c6f20576f
         726c64
      -----
-----------
Packet Rules
-----------
   Rule: (packet)
   Pattern -- 
      Locator: packet field(tcp) [[]; width=4]
      Reserved packet field (exists)
   Action Variables -- 
   Action -- 
      List:
      -----
      Print Statement: type: string, width:0, flags:[]
      Expression -- 
         Byte string [[c]; width=0] -- 
         2 bytes in read-only segment at address 12
         2564
      -----
      Print Statement: type: signed decimal, width:0, flags:[]
      Expression -- 
         Locator: packet field(tcp.rst) [[]; width=4]
         Packet field
      -----
      Assignment to Numpkts
      Value -- 
         Binary Operation: 'add' [[]; width=4]
         Left Operand -- 
            Locator: variable(Numpkts) [[]; width=4]
            Variable -- 
               Variable: Numpkts [global; width=4, addr=0]
                  Initialization value -- 
                  Scalar [[c]; width=4] -- width 4: 5 (5,0x5)
         Right Operand -- 
            Scalar [[c]; width=4] -- width 4: 1 (1,0x1)
      -----
-----------
End Rule
-----------
   Rule: (end)
      Action Variables -- 
   Action -- 
      List:
      -----
      Print Statement: type: string, width:0, flags:[]
      Expression -- 
         Byte string [[c]; width=0] -- 
         9 bytes in read-only segment at address 15
         546f74616c206f66
         20
      -----
      Print Statement: type: signed decimal, width:0, flags:[]
      Expression -- 
         Locator: variable(Numpkts) [[]; width=4]
         Variable -- 
            Variable: Numpkts [global; width=4, addr=0]
               Initialization value -- 
               Scalar [[c]; width=4] -- width 4: 5 (5,0x5)
      -----
      Print Statement: type: string, width:0, flags:[]
      Expression -- 
         Byte string [[c]; width=0] -- 
         18 bytes in read-only segment at address 25
         2054435020706163
         6b65747320736565
         6e0a
      -----
-----------


########
Clearing tree:
########
