10:11:04.488768 IP (tos 0x0, ttl 64, id 0, offset 0, flags [DF], proto UDP (17), length 206)
    192.168.0.7.631 > 192.168.0.255.631: [udp sum ok] UDP, length 178
10:11:16.624707 IP (tos 0x0, ttl 1, id 11038, offset 0, flags [none], proto IGMP (2), length 28)
    192.168.0.254 > 224.0.0.1: igmp query v2
10:11:20.962037 IP (tos 0xc0, ttl 1, id 0, offset 0, flags [DF], proto IGMP (2), length 32, options (RA))
    192.168.0.43 > 224.0.0.251: igmp v2 report 224.0.0.251
10:11:28.464819 IP (tos 0x0, ttl 1, id 11039, offset 0, flags [none], proto IGMP (2), length 28)
    192.168.0.254 > 224.0.0.1: igmp query v2
10:11:30.242290 IP (tos 0x0, ttl 64, id 0, offset 0, flags [DF], proto ICMP (1), length 84)
    192.168.0.4 > 192.168.0.1: ICMP echo request, id 33867, seq 1, length 64
10:11:30.243597 IP (tos 0x0, ttl 255, id 35902, offset 0, flags [DF], proto ICMP (1), length 84)
    192.168.0.1 > 192.168.0.4: ICMP echo reply, id 33867, seq 1, length 64
10:11:31.244125 IP (tos 0x0, ttl 64, id 0, offset 0, flags [DF], proto ICMP (1), length 84)
    192.168.0.4 > 192.168.0.1: ICMP echo request, id 33867, seq 2, length 64
10:11:31.245261 IP (tos 0x0, ttl 255, id 55738, offset 0, flags [DF], proto ICMP (1), length 84)
    192.168.0.1 > 192.168.0.4: ICMP echo reply, id 33867, seq 2, length 64
10:11:35.488442 IP (tos 0x0, ttl 64, id 0, offset 0, flags [DF], proto UDP (17), length 206)
    192.168.0.7.631 > 192.168.0.255.631: [udp sum ok] UDP, length 178
10:11:36.309194 IP (tos 0xc0, ttl 1, id 0, offset 0, flags [DF], proto IGMP (2), length 32, options (RA))
    192.168.0.4 > 224.0.0.251: igmp v2 report 224.0.0.251
10:11:37.749121 ARP, Ethernet (len 6), IPv4 (len 4), Request who-has 192.168.0.7 tell 192.168.0.4, length 28
10:11:37.750736 ARP, Ethernet (len 6), IPv4 (len 4), Reply 192.168.0.7 is-at 00:30:65:c1:b3:a8, length 46
10:11:37.750759 IP (tos 0x0, ttl 64, id 1966, offset 0, flags [DF], proto TCP (6), length 60)
    192.168.0.4.38859 > 192.168.0.7.22: Flags [S], cksum 0xf75c (correct), seq 1962529758, win 5840, options [mss 1460,sackOK,TS val 55432304 ecr 0,nop,wscale 7], length 0
10:11:37.752521 IP (tos 0x0, ttl 64, id 0, offset 0, flags [DF], proto TCP (6), length 60)
    192.168.0.7.22 > 192.168.0.4.38859: Flags [S.], cksum 0x7661 (correct), seq 770160472, ack 1962529759, win 5792, options [mss 1460,sackOK,TS val 56203396 ecr 55432304,nop,wscale 4], length 0
10:11:37.752593 IP (tos 0x0, ttl 64, id 1967, offset 0, flags [DF], proto TCP (6), length 52)
    192.168.0.4.38859 > 192.168.0.7.22: Flags [.], cksum 0xbb9b (correct), seq 1, ack 1, win 46, options [nop,nop,TS val 55432305 ecr 56203396], length 0
10:11:38.266721 IP (tos 0x0, ttl 64, id 12252, offset 0, flags [DF], proto TCP (6), length 92)
    192.168.0.7.22 > 192.168.0.4.38859: Flags [P.], cksum 0xd68e (correct), seq 1:41, ack 1, win 362, options [nop,nop,TS val 56203525 ecr 55432305], length 40
10:11:38.266814 IP (tos 0x0, ttl 64, id 1968, offset 0, flags [DF], proto TCP (6), length 52)
    192.168.0.4.38859 > 192.168.0.7.22: Flags [.], cksum 0xbabf (correct), seq 1, ack 41, win 46, options [nop,nop,TS val 55432356 ecr 56203525], length 0
10:11:38.266970 IP (tos 0x0, ttl 64, id 1969, offset 0, flags [DF], proto TCP (6), length 91)
    192.168.0.4.38859 > 192.168.0.7.22: Flags [P.], cksum 0x039e (correct), seq 1:40, ack 41, win 46, options [nop,nop,TS val 55432356 ecr 56203525], length 39
10:11:38.268243 IP (tos 0x0, ttl 64, id 12253, offset 0, flags [DF], proto TCP (6), length 52)
    192.168.0.7.22 > 192.168.0.4.38859: Flags [.], cksum 0xb95c (correct), seq 41, ack 40, win 362, options [nop,nop,TS val 56203525 ecr 55432356], length 0
10:11:38.268267 IP (tos 0x0, ttl 64, id 1970, offset 0, flags [DF], proto TCP (6), length 844)
    192.168.0.4.38859 > 192.168.0.7.22: Flags [P.], cksum 0x717e (correct), seq 40:832, ack 41, win 46, options [nop,nop,TS val 55432356 ecr 56203525], length 792
10:11:38.270062 IP (tos 0x0, ttl 64, id 12254, offset 0, flags [DF], proto TCP (6), length 52)
    192.168.0.7.22 > 192.168.0.4.38859: Flags [.], cksum 0xb5e0 (correct), seq 41, ack 832, win 461, options [nop,nop,TS val 56203526 ecr 55432356], length 0
10:11:38.272058 IP (tos 0x0, ttl 64, id 12255, offset 0, flags [DF], proto TCP (6), length 836)
    192.168.0.7.22 > 192.168.0.4.38859: Flags [P.], cksum 0xce9d (correct), seq 41:825, ack 832, win 461, options [nop,nop,TS val 56203526 ecr 55432356], length 784
10:11:38.272280 IP (tos 0x0, ttl 64, id 1971, offset 0, flags [DF], proto TCP (6), length 76)
    192.168.0.4.38859 > 192.168.0.7.22: Flags [P.], cksum 0x860c (correct), seq 832:856, ack 825, win 58, options [nop,nop,TS val 55432357 ecr 56203526], length 24
10:11:38.296980 IP (tos 0x0, ttl 64, id 12256, offset 0, flags [DF], proto TCP (6), length 204)
    192.168.0.7.22 > 192.168.0.4.38859: Flags [P.], cksum 0x6c3c (correct), seq 825:977, ack 856, win 461, options [nop,nop,TS val 56203532 ecr 55432357], length 152
10:11:38.299358 IP (tos 0x0, ttl 64, id 1972, offset 0, flags [DF], proto TCP (6), length 196)
    192.168.0.4.38859 > 192.168.0.7.22: Flags [P.], cksum 0x6795 (correct), seq 856:1000, ack 977, win 71, options [nop,nop,TS val 55432360 ecr 56203532], length 144
10:11:38.337310 IP (tos 0x0, ttl 64, id 12257, offset 0, flags [DF], proto TCP (6), length 52)
    192.168.0.7.22 > 192.168.0.4.38859: Flags [.], cksum 0xb118 (correct), seq 977, ack 1000, win 560, options [nop,nop,TS val 56203543 ecr 55432360], length 0
10:11:38.547838 IP (tos 0x0, ttl 64, id 12258, offset 0, flags [DF], proto TCP (6), length 772)
    192.168.0.7.22 > 192.168.0.4.38859: Flags [P.], cksum 0x4b7d (correct), seq 977:1697, ack 1000, win 560, options [nop,nop,TS val 56203595 ecr 55432360], length 720
10:11:38.551189 IP (tos 0x0, ttl 64, id 1973, offset 0, flags [DF], proto TCP (6), length 68)
    192.168.0.4.38859 > 192.168.0.7.22: Flags [P.], cksum 0xa59f (correct), seq 1000:1016, ack 1697, win 83, options [nop,nop,TS val 55432385 ecr 56203595], length 16
10:11:38.553272 IP (tos 0x0, ttl 64, id 12259, offset 0, flags [DF], proto TCP (6), length 52)
    192.168.0.7.22 > 192.168.0.4.38859: Flags [.], cksum 0xadea (correct), seq 1697, ack 1016, win 560, options [nop,nop,TS val 56203596 ecr 55432385], length 0
10:11:38.553308 IP (tos 0x0, ttl 64, id 1974, offset 0, flags [DF], proto TCP (6), length 100)
    192.168.0.4.38859 > 192.168.0.7.22: Flags [P.], cksum 0xe728 (correct), seq 1016:1064, ack 1697, win 83, options [nop,nop,TS val 55432385 ecr 56203596], length 48
10:11:38.554729 IP (tos 0x0, ttl 64, id 12260, offset 0, flags [DF], proto TCP (6), length 52)
    192.168.0.7.22 > 192.168.0.4.38859: Flags [.], cksum 0xadb9 (correct), seq 1697, ack 1064, win 560, options [nop,nop,TS val 56203597 ecr 55432385], length 0
10:11:38.554959 IP (tos 0x0, ttl 64, id 12261, offset 0, flags [DF], proto TCP (6), length 100)
    192.168.0.7.22 > 192.168.0.4.38859: Flags [P.], cksum 0xc03f (correct), seq 1697:1745, ack 1064, win 560, options [nop,nop,TS val 56203597 ecr 55432385], length 48
10:11:38.558297 IP (tos 0x0, ttl 64, id 1975, offset 0, flags [DF], proto TCP (6), length 116)
    192.168.0.4.38859 > 192.168.0.7.22: Flags [P.], cksum 0x604a (correct), seq 1064:1128, ack 1745, win 83, options [nop,nop,TS val 55432385 ecr 56203597], length 64
10:11:38.597439 IP (tos 0x0, ttl 64, id 12262, offset 0, flags [DF], proto TCP (6), length 52)
    192.168.0.7.22 > 192.168.0.4.38859: Flags [.], cksum 0xad3e (correct), seq 1745, ack 1128, win 560, options [nop,nop,TS val 56203608 ecr 55432385], length 0
10:11:38.620869 IP (tos 0x0, ttl 64, id 12263, offset 0, flags [DF], proto TCP (6), length 116)
    192.168.0.7.22 > 192.168.0.4.38859: Flags [P.], cksum 0xa6fc (correct), seq 1745:1809, ack 1128, win 560, options [nop,nop,TS val 56203613 ecr 55432385], length 64
10:11:38.621124 IP (tos 0x0, ttl 64, id 1976, offset 0, flags [DF], proto TCP (6), length 420)
    192.168.0.4.38859 > 192.168.0.7.22: Flags [P.], cksum 0xa9ca (correct), seq 1128:1496, ack 1809, win 83, options [nop,nop,TS val 55432392 ecr 56203613], length 368
10:11:38.622257 IP (tos 0x0, ttl 64, id 12264, offset 0, flags [DF], proto TCP (6), length 52)
    192.168.0.7.22 > 192.168.0.4.38859: Flags [.], cksum 0xab1e (correct), seq 1809, ack 1496, win 659, options [nop,nop,TS val 56203614 ecr 55432392], length 0
10:11:38.705826 IP (tos 0x0, ttl 64, id 12265, offset 0, flags [DF], proto TCP (6), length 372)
    192.168.0.7.22 > 192.168.0.4.38859: Flags [P.], cksum 0x6845 (correct), seq 1809:2129, ack 1496, win 659, options [nop,nop,TS val 56203635 ecr 55432392], length 320
10:11:38.726669 IP (tos 0x0, ttl 64, id 1977, offset 0, flags [DF], proto TCP (6), length 692)
    192.168.0.4.38859 > 192.168.0.7.22: Flags [P.], cksum 0x5b48 (correct), seq 1496:2136, ack 2129, win 95, options [nop,nop,TS val 55432402 ecr 56203635], length 640
10:11:38.727745 IP (tos 0x0, ttl 64, id 12266, offset 0, flags [DF], proto TCP (6), length 52)
    192.168.0.7.22 > 192.168.0.4.38859: Flags [.], cksum 0xa6d7 (correct), seq 2129, ack 2136, win 758, options [nop,nop,TS val 56203640 ecr 55432402], length 0
10:11:38.734919 IP (tos 0x0, ttl 64, id 12267, offset 0, flags [DF], proto TCP (6), length 84)
    192.168.0.7.22 > 192.168.0.4.38859: Flags [P.], cksum 0xdda7 (correct), seq 2129:2161, ack 2136, win 758, options [nop,nop,TS val 56203642 ecr 55432402], length 32
10:11:38.735090 IP (tos 0x0, ttl 64, id 1978, offset 0, flags [DF], proto TCP (6), length 116)
    192.168.0.4.38859 > 192.168.0.7.22: Flags [P.], cksum 0x4e29 (correct), seq 2136:2200, ack 2161, win 95, options [nop,nop,TS val 55432403 ecr 56203642], length 64
10:11:38.773444 IP (tos 0x0, ttl 64, id 12268, offset 0, flags [DF], proto TCP (6), length 52)
    192.168.0.7.22 > 192.168.0.4.38859: Flags [.], cksum 0xa66a (correct), seq 2161, ack 2200, win 758, options [nop,nop,TS val 56203652 ecr 55432403], length 0
10:11:38.825916 IP (tos 0x0, ttl 64, id 12269, offset 0, flags [DF], proto TCP (6), length 100)
    192.168.0.7.22 > 192.168.0.4.38859: Flags [P.], cksum 0xa541 (correct), seq 2161:2209, ack 2200, win 758, options [nop,nop,TS val 56203665 ecr 55432403], length 48
10:11:38.831457 IP (tos 0x0, ttl 64, id 1979, offset 0, flags [DF], proto TCP (6), length 164)
    192.168.0.4.38859 > 192.168.0.7.22: Flags [P.], cksum 0x90f0 (correct), seq 2200:2312, ack 2209, win 95, options [nop,nop,TS val 55432413 ecr 56203665], length 112
10:11:38.831696 IP (tos 0x10, ttl 64, id 1980, offset 0, flags [DF], proto TCP (6), length 564)
    192.168.0.4.38859 > 192.168.0.7.22: Flags [P.], cksum 0x8914 (correct), seq 2312:2824, ack 2209, win 95, options [nop,nop,TS val 55432413 ecr 56203665], length 512
10:11:38.832411 IP (tos 0x0, ttl 64, id 12270, offset 0, flags [DF], proto TCP (6), length 52)
    192.168.0.7.22 > 192.168.0.4.38859: Flags [.], cksum 0xa5b2 (correct), seq 2209, ack 2312, win 758, options [nop,nop,TS val 56203666 ecr 55432413], length 0
10:11:38.832640 IP (tos 0x0, ttl 64, id 12271, offset 0, flags [DF], proto TCP (6), length 52)
    192.168.0.7.22 > 192.168.0.4.38859: Flags [.], cksum 0xa34f (correct), seq 2209, ack 2824, win 857, options [nop,nop,TS val 56203666 ecr 55432413], length 0
10:11:38.971131 IP (tos 0x10, ttl 64, id 12272, offset 0, flags [DF], proto TCP (6), length 164)
    192.168.0.7.22 > 192.168.0.4.38859: Flags [P.], cksum 0x2457 (correct), seq 2209:2321, ack 2824, win 857, options [nop,nop,TS val 56203701 ecr 55432413], length 112
10:11:38.971212 IP (tos 0x10, ttl 64, id 12273, offset 0, flags [DF], proto TCP (6), length 580)
    192.168.0.7.22 > 192.168.0.4.38859: Flags [P.], cksum 0xd707 (correct), seq 2321:2849, ack 2824, win 857, options [nop,nop,TS val 56203701 ecr 55432413], length 528
10:11:38.971453 IP (tos 0x10, ttl 64, id 1981, offset 0, flags [DF], proto TCP (6), length 52)
    192.168.0.4.38859 > 192.168.0.7.22: Flags [.], cksum 0xa38c (correct), seq 2824, ack 2849, win 107, options [nop,nop,TS val 55432427 ecr 56203701], length 0
10:11:42.772447 IP (tos 0x10, ttl 64, id 12274, offset 0, flags [DF], proto TCP (6), length 116)
    192.168.0.7.22 > 192.168.0.4.38859: Flags [P.], cksum 0x185b (correct), seq 2849:2913, ack 2824, win 857, options [nop,nop,TS val 56204651 ecr 55432427], length 64
10:11:42.809123 IP (tos 0x10, ttl 64, id 1982, offset 0, flags [DF], proto TCP (6), length 52)
    192.168.0.4.38859 > 192.168.0.7.22: Flags [.], cksum 0x9e16 (correct), seq 2824, ack 2913, win 107, options [nop,nop,TS val 55432811 ecr 56204651], length 0
10:11:42.809748 IP (tos 0x10, ttl 64, id 12275, offset 0, flags [DF], proto TCP (6), length 100)
    192.168.0.7.22 > 192.168.0.4.38859: Flags [P.], cksum 0x4f50 (correct), seq 2913:2961, ack 2824, win 857, options [nop,nop,TS val 56204661 ecr 55432427], length 48
10:11:42.809767 IP (tos 0x10, ttl 64, id 1983, offset 0, flags [DF], proto TCP (6), length 52)
    192.168.0.4.38859 > 192.168.0.7.22: Flags [.], cksum 0x9ddc (correct), seq 2824, ack 2961, win 107, options [nop,nop,TS val 55432811 ecr 56204661], length 0
10:11:43.369301 IP (tos 0x10, ttl 64, id 1984, offset 0, flags [DF], proto TCP (6), length 100)
    192.168.0.4.38859 > 192.168.0.7.22: Flags [P.], cksum 0xaac2 (correct), seq 2824:2872, ack 2961, win 107, options [nop,nop,TS val 55432867 ecr 56204661], length 48
10:11:43.370400 IP (tos 0x10, ttl 64, id 12276, offset 0, flags [DF], proto TCP (6), length 52)
    192.168.0.7.22 > 192.168.0.4.38859: Flags [.], cksum 0x99fa (correct), seq 2961, ack 2872, win 857, options [nop,nop,TS val 56204801 ecr 55432867], length 0
10:11:43.371442 IP (tos 0x10, ttl 64, id 12277, offset 0, flags [DF], proto TCP (6), length 100)
    192.168.0.7.22 > 192.168.0.4.38859: Flags [P.], cksum 0xa6fb (correct), seq 2961:3009, ack 2872, win 857, options [nop,nop,TS val 56204801 ecr 55432867], length 48
10:11:43.371492 IP (tos 0x10, ttl 64, id 1985, offset 0, flags [DF], proto TCP (6), length 52)
    192.168.0.4.38859 > 192.168.0.7.22: Flags [.], cksum 0x9cb8 (correct), seq 2872, ack 3009, win 107, options [nop,nop,TS val 55432867 ecr 56204801], length 0
10:11:43.407574 IP (tos 0x10, ttl 64, id 12278, offset 0, flags [DF], proto TCP (6), length 84)
    192.168.0.7.22 > 192.168.0.4.38859: Flags [P.], cksum 0x2fbe (correct), seq 3009:3041, ack 2872, win 857, options [nop,nop,TS val 56204810 ecr 55432867], length 32
10:11:43.407619 IP (tos 0x10, ttl 64, id 1986, offset 0, flags [DF], proto TCP (6), length 52)
    192.168.0.4.38859 > 192.168.0.7.22: Flags [.], cksum 0x9c8c (correct), seq 2872, ack 3041, win 107, options [nop,nop,TS val 55432870 ecr 56204810], length 0
10:11:43.410982 IP (tos 0x10, ttl 64, id 12279, offset 0, flags [DF], proto TCP (6), length 148)
    192.168.0.7.22 > 192.168.0.4.38859: Flags [P.], cksum 0xac30 (correct), seq 3041:3137, ack 2872, win 857, options [nop,nop,TS val 56204811 ecr 55432870], length 96
10:11:43.411017 IP (tos 0x10, ttl 64, id 1987, offset 0, flags [DF], proto TCP (6), length 52)
    192.168.0.4.38859 > 192.168.0.7.22: Flags [.], cksum 0x9c2a (correct), seq 2872, ack 3137, win 107, options [nop,nop,TS val 55432871 ecr 56204811], length 0
10:11:43.415093 IP (tos 0x10, ttl 64, id 1988, offset 0, flags [DF], proto TCP (6), length 84)
    192.168.0.4.38859 > 192.168.0.7.22: Flags [P.], cksum 0xbc15 (correct), seq 2872:2904, ack 3137, win 107, options [nop,nop,TS val 55432871 ecr 56204811], length 32
10:11:43.415214 IP (tos 0x10, ttl 64, id 1989, offset 0, flags [DF], proto TCP (6), length 52)
    192.168.0.4.38859 > 192.168.0.7.22: Flags [F.], cksum 0x9c09 (correct), seq 2904, ack 3137, win 107, options [nop,nop,TS val 55432871 ecr 56204811], length 0
10:11:43.418924 IP (tos 0x10, ttl 64, id 12280, offset 0, flags [DF], proto TCP (6), length 52)
    192.168.0.7.22 > 192.168.0.4.38859: Flags [F.], cksum 0x9918 (correct), seq 3137, ack 2905, win 857, options [nop,nop,TS val 56204813 ecr 55432871], length 0
10:11:43.418956 IP (tos 0x10, ttl 64, id 1990, offset 0, flags [DF], proto TCP (6), length 52)
    192.168.0.4.38859 > 192.168.0.7.22: Flags [.], cksum 0x9c06 (correct), seq 2905, ack 3138, win 107, options [nop,nop,TS val 55432871 ecr 56204813], length 0
10:12:03.046756 IP (tos 0x0, ttl 64, id 56914, offset 0, flags [DF], proto UDP (17), length 60)
    192.168.0.4.45669 > 192.168.0.1.53: [udp sum ok] 26324+ AAAA? www.google.com. (32)
10:12:03.117420 IP (tos 0x0, ttl 64, id 63973, offset 0, flags [none], proto UDP (17), length 130)
    192.168.0.1.53 > 192.168.0.4.45669: [udp sum ok] 26324 q: AAAA? www.google.com. 1/1/0 www.google.com. CNAME www.l.google.com. ns: l.google.com. SOA ns3.google.com. dns-admin.google.com. 1401464 900 900 1800 60 (102)
10:12:03.117598 IP (tos 0x0, ttl 64, id 56921, offset 0, flags [DF], proto UDP (17), length 60)
    192.168.0.4.42883 > 192.168.0.1.53: [udp sum ok] 27999+ A? www.google.com. (32)
10:12:03.183688 IP (tos 0x0, ttl 64, id 10207, offset 0, flags [none], proto UDP (17), length 248)
    192.168.0.1.53 > 192.168.0.4.42883: [udp sum ok] 27999 q: A? www.google.com. 7/4/0 www.google.com. CNAME www.l.google.com., www.l.google.com. A 64.233.169.147, www.l.google.com. A 64.233.169.106, www.l.google.com. A 64.233.169.104, www.l.google.com. A 64.233.169.99, www.l.google.com. A 64.233.169.105, www.l.google.com. A 64.233.169.103 ns: google.com. NS ns1.google.com., google.com. NS ns4.google.com., google.com. NS ns3.google.com., google.com. NS ns2.google.com. (220)
10:12:03.184251 IP (tos 0x0, ttl 64, id 25257, offset 0, flags [DF], proto TCP (6), length 60)
    192.168.0.4.35071 > 64.233.169.147.80: Flags [S], cksum 0xd1e4 (correct), seq 2354822345, win 5840, options [mss 1460,sackOK,TS val 55434848 ecr 0,nop,wscale 7], length 0
10:12:03.230407 IP (tos 0x20, ttl 49, id 12882, offset 0, flags [none], proto TCP (6), length 60)
    64.233.169.147.80 > 192.168.0.4.35071: Flags [S.], cksum 0x4d3a (correct), seq 3278727045, ack 2354822346, win 5672, options [mss 1430,sackOK,TS val 2070601474 ecr 55434848,nop,wscale 6], length 0
10:12:03.230474 IP (tos 0x0, ttl 64, id 25258, offset 0, flags [DF], proto TCP (6), length 52)
    192.168.0.4.35071 > 64.233.169.147.80: Flags [.], cksum 0x91dc (correct), seq 1, ack 1, win 46, options [nop,nop,TS val 55434853 ecr 2070601474], length 0
10:12:03.230758 IP (tos 0x0, ttl 64, id 25259, offset 0, flags [DF], proto TCP (6), length 154)
    192.168.0.4.35071 > 64.233.169.147.80: Flags [P.], cksum 0xc19c (correct), seq 1:103, ack 1, win 46, options [nop,nop,TS val 55434853 ecr 2070601474], length 102
10:12:03.279228 IP (tos 0x20, ttl 49, id 12883, offset 0, flags [none], proto TCP (6), length 52)
    64.233.169.147.80 > 192.168.0.4.35071: Flags [.], cksum 0x9117 (correct), seq 1, ack 103, win 89, options [nop,nop,TS val 2070601526 ecr 55434853], length 0
10:12:03.313348 IP (tos 0x20, ttl 49, id 12884, offset 0, flags [none], proto TCP (6), length 1470)
    64.233.169.147.80 > 192.168.0.4.35071: Flags [.], cksum 0x68e3 (correct), seq 1:1419, ack 103, win 89, options [nop,nop,TS val 2070601557 ecr 55434853], length 1418
10:12:03.313405 IP (tos 0x0, ttl 64, id 25260, offset 0, flags [DF], proto TCP (6), length 52)
    192.168.0.4.35071 > 64.233.169.147.80: Flags [.], cksum 0x8b7b (correct), seq 103, ack 1419, win 68, options [nop,nop,TS val 55434861 ecr 2070601557], length 0
10:12:03.314378 IP (tos 0x20, ttl 49, id 12885, offset 0, flags [none], proto TCP (6), length 1470)
    64.233.169.147.80 > 192.168.0.4.35071: Flags [.], cksum 0x6194 (correct), seq 1419:2837, ack 103, win 89, options [nop,nop,TS val 2070601557 ecr 55434853], length 1418
10:12:03.314416 IP (tos 0x0, ttl 64, id 25261, offset 0, flags [DF], proto TCP (6), length 52)
    192.168.0.4.35071 > 64.233.169.147.80: Flags [.], cksum 0x85db (correct), seq 103, ack 2837, win 90, options [nop,nop,TS val 55434861 ecr 2070601557], length 0
10:12:03.315672 IP (tos 0x20, ttl 49, id 12886, offset 0, flags [none], proto TCP (6), length 1470)
    64.233.169.147.80 > 192.168.0.4.35071: Flags [.], cksum 0xa502 (correct), seq 2837:4255, ack 103, win 89, options [nop,nop,TS val 2070601557 ecr 55434853], length 1418
10:12:03.315690 IP (tos 0x0, ttl 64, id 25262, offset 0, flags [DF], proto TCP (6), length 52)
    192.168.0.4.35071 > 64.233.169.147.80: Flags [.], cksum 0x803a (correct), seq 103, ack 4255, win 113, options [nop,nop,TS val 55434861 ecr 2070601557], length 0
10:12:03.316370 IP (tos 0x20, ttl 49, id 12887, offset 0, flags [none], proto TCP (6), length 455)
    64.233.169.147.80 > 192.168.0.4.35071: Flags [P.], cksum 0x3998 (correct), seq 4255:4658, ack 103, win 89, options [nop,nop,TS val 2070601557 ecr 55434853], length 403
10:12:03.316408 IP (tos 0x0, ttl 64, id 25263, offset 0, flags [DF], proto TCP (6), length 52)
    192.168.0.4.35071 > 64.233.169.147.80: Flags [.], cksum 0x7e91 (correct), seq 103, ack 4658, win 135, options [nop,nop,TS val 55434861 ecr 2070601557], length 0
10:12:03.355340 IP (tos 0x20, ttl 49, id 12888, offset 0, flags [none], proto TCP (6), length 1470)
    64.233.169.147.80 > 192.168.0.4.35071: Flags [.], cksum 0xfd99 (correct), seq 4658:6076, ack 103, win 89, options [nop,nop,TS val 2070601599 ecr 55434861], length 1418
10:12:03.355404 IP (tos 0x0, ttl 64, id 25264, offset 0, flags [DF], proto TCP (6), length 52)
    192.168.0.4.35071 > 64.233.169.147.80: Flags [.], cksum 0x78c3 (correct), seq 103, ack 6076, win 157, options [nop,nop,TS val 55434865 ecr 2070601599], length 0
10:12:03.355471 IP (tos 0x20, ttl 49, id 12889, offset 0, flags [none], proto TCP (6), length 170)
    64.233.169.147.80 > 192.168.0.4.35071: Flags [FP.], cksum 0x5663 (correct), seq 6076:6194, ack 103, win 89, options [nop,nop,TS val 2070601599 ecr 55434861], length 118
10:12:03.355957 IP (tos 0x0, ttl 64, id 25265, offset 0, flags [DF], proto TCP (6), length 52)
    192.168.0.4.35071 > 64.233.169.147.80: Flags [F.], cksum 0x784b (correct), seq 103, ack 6195, win 157, options [nop,nop,TS val 55434865 ecr 2070601599], length 0
10:12:03.401194 IP (tos 0x20, ttl 49, id 12890, offset 0, flags [none], proto TCP (6), length 52)
    64.233.169.147.80 > 192.168.0.4.35071: Flags [.], cksum 0x785f (correct), seq 6195, ack 104, win 89, options [nop,nop,TS val 2070601647 ecr 55434865], length 0
10:12:06.487283 IP (tos 0x0, ttl 64, id 0, offset 0, flags [DF], proto UDP (17), length 206)
    192.168.0.7.631 > 192.168.0.255.631: [udp sum ok] UDP, length 178
