Flow files
flow10.xpkt
flow11.xpkt
flow1.xpkt
flow2.xpkt
flow3.xpkt
flow4.xpkt
flow5.xpkt
flow6.xpkt
flow7.xpkt
flow8.xpkt
flow9.xpkt
comparing flow10.xpkt
comparing flow11.xpkt
comparing flow1.xpkt
comparing flow2.xpkt
comparing flow3.xpkt
comparing flow4.xpkt
comparing flow5.xpkt
comparing flow6.xpkt
comparing flow7.xpkt
comparing flow8.xpkt
comparing flow9.xpkt
